// Jest Snapshot v1, https://goo.gl/fbAQLP

exports[`Should ItemReview render correctly 1`] = `
<div
  className="review"
>
  <blockquote
    className="review__quote"
  >
    <p
      className="review__text"
    >
      I love this movie. This film is a milestone in cinematography. Great Immersive camera-work.
    </p>
    <footer
      className="review__details"
    >
      <cite
        className="review__author"
      >
        Ben
      </cite>
      <time
        className="review__date"
        dateTime="2020-10-09"
      >
        October 09, 2020
      </time>
    </footer>
  </blockquote>
  <div
    className="review__rating"
  >
    3.7
  </div>
</div>
`;
