// Jest Snapshot v1, https://goo.gl/fbAQLP

exports[`Should DetailsTab render correctly 1`] = `
<div
  className="movie-card__text movie-card__row"
>
  <div
    className="movie-card__text-col"
  >
    <p
      className="movie-card__details-item"
    >
      <strong
        className="movie-card__details-name"
      >
        Director
      </strong>
      <span
        className="movie-card__details-value"
      >
        Nicolas Winding Refn
      </span>
    </p>
    <div
      className="movie-card__details-item"
    >
      <strong
        className="movie-card__details-name"
      >
        Starring
      </strong>
      <ul
        className="movie-card__details-value"
        style={
          Object {
            "color": "#131313",
            "margin": "0",
            "padding": "0",
          }
        }
      >
        <li
          style={
            Object {
              "listStyle": "none",
            }
          }
        >
          Tom Hardy,
        </li>
        <li
          style={
            Object {
              "listStyle": "none",
            }
          }
        >
          Kelly Adams,
        </li>
        <li
          style={
            Object {
              "listStyle": "none",
            }
          }
        >
          Luing Andrews
        </li>
      </ul>
    </div>
  </div>
  <div
    className="movie-card__text-col"
  >
    <p
      className="movie-card__details-item"
    >
      <strong
        className="movie-card__details-name"
      >
        Run Time
      </strong>
      <span
        className="movie-card__details-value"
      >
        1h 32m
      </span>
    </p>
    <p
      className="movie-card__details-item"
    >
      <strong
        className="movie-card__details-name"
      >
        Genre
      </strong>
      <span
        className="movie-card__details-value"
      >
        Action
      </span>
    </p>
    <p
      className="movie-card__details-item"
    >
      <strong
        className="movie-card__details-name"
      >
        Released
      </strong>
      <span
        className="movie-card__details-value"
      >
        2008
      </span>
    </p>
  </div>
</div>
`;
