// Jest Snapshot v1, https://goo.gl/fbAQLP

exports[`Render connected to store component Should ReviewsTab render correctly 1`] = `
<div
  className="movie-card__reviews movie-card__row"
>
  <div
    className="movie-card__reviews-col"
  >
    <div
      className="review"
    >
      <blockquote
        className="review__quote"
      >
        <p
          className="review__text"
        >
          Poised to be an instant classic
        </p>
        <footer
          className="review__details"
        >
          <cite
            className="review__author"
          >
            Isaak
          </cite>
          <time
            className="review__date"
            dateTime="2020-10-29"
          >
            October 29, 2020
          </time>
        </footer>
      </blockquote>
      <div
        className="review__rating"
      >
        4.6
      </div>
    </div>
  </div>
  <div
    className="movie-card__reviews-col"
  >
    <div
      className="review"
    >
      <blockquote
        className="review__quote"
      >
        <p
          className="review__text"
        >
          Something comment Something comment Something comment
        </p>
        <footer
          className="review__details"
        >
          <cite
            className="review__author"
          >
            Ben
          </cite>
          <time
            className="review__date"
            dateTime="2020-11-22"
          >
            November 22, 2020
          </time>
        </footer>
      </blockquote>
      <div
        className="review__rating"
      >
        7.6
      </div>
    </div>
  </div>
</div>
`;
